============================================================
  SAST SCAN - SonarQube
  Sonar host  : http://localhost:9000
  Project key : devsecops-factory-local
  Scan target : app
  Report file : /Users/loibui/Downloads/devsecops-factory/task-2/results/task-2/final-evidence/security/raw/sast/sonar-issues.json
============================================================
v24.9.0
INFO: Scanner configuration file: /private/tmp/task2-sast-workspace/security/sast/sonar-scanner/conf/sonar-scanner.properties
INFO: Project root configuration file: NONE
INFO: SonarScanner 5.0.1.3006
INFO: Java 23.0.2 Oracle Corporation (64-bit)
INFO: Mac OS X 26.5.1 aarch64
INFO: User cache: /Users/loibui/.sonar/cache
INFO: Analyzing on SonarQube server 13.1.3.3768
INFO: Default locale: "en_GB", source code encoding: "UTF-8" (analysis is platform dependent)
INFO: Load global settings
INFO: Load global settings (done) | time=580ms
INFO: Server id: 147B411E-AZ-s7h8-NfswoJ3NE9Br
INFO: Loading required plugins
INFO: Load plugins index
INFO: Load plugins index (done) | time=227ms
INFO: Load/download plugins
INFO: Load/download plugins (done) | time=545ms
INFO: Process project properties
INFO: Process project properties (done) | time=9ms
INFO: Project key: devsecops-factory-local
INFO: Base dir: /Users/loibui/Downloads/devsecops-factory/task-2/app
INFO: Working dir: /Users/loibui/Downloads/devsecops-factory/task-2/app/.scannerwork
INFO: Load project settings for component key: 'devsecops-factory-local'
INFO: Load quality profiles
INFO: Load quality profiles (done) | time=806ms
INFO: Load active rules
INFO: Load active rules (done) | time=2135ms
INFO: Load analysis cache
INFO: Load analysis cache (404) | time=48ms
WARN: The property 'sonar.login' is deprecated and will be removed in the future. Please use the 'sonar.token' property instead when passing a token.
INFO: Preprocessing files...
INFO: 5 languages detected in 28 preprocessed files (done) | time=220ms
INFO: 0 files ignored because of inclusion/exclusion patterns
INFO: 2 directories skipped because of exclusion patterns (content not counted)
INFO: Loading plugins for detected languages
INFO: Load/download plugins
INFO: Load/download plugins (done) | time=2703ms
INFO: Load project repositories
INFO: Load project repositories (done) | time=118ms
INFO: Indexing files...
INFO: Project configuration:
INFO:   Excluded sources: **/node_modules/**, **/dist/**, **/build/**, **/.git/**
INFO: 28 files indexed (done) | time=14ms
INFO: Quality profile for css: Sonar way
INFO: Quality profile for docker: Sonar way
INFO: Quality profile for js: Sonar way
INFO: Quality profile for json: Sonar way
INFO: Quality profile for web: Sonar way
INFO: ------------- Run sensors on module devsecops-factory-local
INFO: Load metrics repository
INFO: Load metrics repository (done) | time=148ms
INFO: Reflections took 81 ms to scan 1 urls, producing 30 keys and 295 values
INFO: Sensor IaC CloudFormation Sensor [iac]
INFO: There are no files to be analyzed for the CloudFormation language
INFO: Sensor IaC CloudFormation Sensor [iac] (done) | time=82ms
INFO: Sensor IaC cfn-lint report Sensor [iac]
INFO: Sensor IaC cfn-lint report Sensor [iac] (done) | time=0ms
INFO: Sensor IaC hadolint report Sensor [iac]
INFO: Sensor IaC hadolint report Sensor [iac] (done) | time=0ms
INFO: Sensor IaC Azure Resource Manager Sensor [iac]
INFO: There are no files to be analyzed for the Azure Resource Manager language
INFO: Sensor IaC Azure Resource Manager Sensor [iac] (done) | time=0ms
INFO: Sensor Java Config Sensor [iac]
WARN: Invalid character encountered in file /Users/loibui/Downloads/devsecops-factory/task-2/app/assets/react-tetris-mobile-1.png at line 1 for encoding UTF-8. Please fix file content or configure the encoding to be used using property 'sonar.sourceEncoding'.
WARN: Invalid character encountered in file /Users/loibui/Downloads/devsecops-factory/task-2/app/assets/react-tetris-desktop-1.png at line 1 for encoding UTF-8. Please fix file content or configure the encoding to be used using property 'sonar.sourceEncoding'.
WARN: Invalid character encountered in file /Users/loibui/Downloads/devsecops-factory/task-2/app/src/images/background.jpg at line 1 for encoding UTF-8. Please fix file content or configure the encoding to be used using property 'sonar.sourceEncoding'.
WARN: Invalid character encountered in file /Users/loibui/Downloads/devsecops-factory/task-2/app/assets/react-tetris-mobile-2.png at line 1 for encoding UTF-8. Please fix file content or configure the encoding to be used using property 'sonar.sourceEncoding'.
WARN: Invalid character encountered in file /Users/loibui/Downloads/devsecops-factory/task-2/app/src/images/background-min.jpg at line 1 for encoding UTF-8. Please fix file content or configure the encoding to be used using property 'sonar.sourceEncoding'.
INFO: There are no files to be analyzed for the Java language
INFO: Sensor Java Config Sensor [iac] (done) | time=178ms
INFO: Sensor IaC Docker Sensor [iac]
INFO: 1 source file to be analyzed
INFO: 1/1 source file has been analyzed
INFO: Sensor IaC Docker Sensor [iac] (done) | time=114ms
INFO: Sensor HTML [web]
INFO: Sensor HTML [web] (done) | time=47ms
INFO: Sensor TextAndSecretsSensor [text]
INFO: Available processors: 8
INFO: Using 8 threads for analysis.
INFO: The property "sonar.tests" is not set. To improve the analysis accuracy, we categorize a file as a test file if any of the following is true:
  * The filename starts with "test"
  * The filename contains "test." or "tests."
  * Any directory in the file path is named: "doc", "docs", "test", "tests", "mock" or "mocks"
  * Any directory in the file path has a name ending in "test" or "tests"

INFO: Start fetching files for the text and secrets analysis
INFO: Using Git CLI to retrieve dirty files
INFO: Retrieving language associated files and files included via "sonar.text.inclusions" that are tracked by git
INFO: Starting the text and secrets analysis
INFO: 20 source files to be analyzed for the text and secrets analysis
WARN: The file '.DS_Store' contains binary data and will not be included in the text and secrets analysis.
WARN: Please check this file and/or remove the extension from the 'sonar.text.inclusions' property.
INFO: 20/20 source files have been analyzed for the text and secrets analysis
INFO: Sensor TextAndSecretsSensor [text] (done) | time=685ms
INFO: ------------- Run sensors on project
INFO: Sensor JavaScript/TypeScript/CSS analysis [javascript]
INFO: Detected os: Mac OS X arch: aarch64 alpine: false. Platform: DARWIN_ARM64
INFO: Deploy location /Users/loibui/.sonar/js/node-runtime, tagetRuntime: /Users/loibui/.sonar/js/node-runtime/node,  version: /Users/loibui/.sonar/js/node-runtime/version.txt
INFO: Using embedded Node.js runtime.
INFO: Using Node.js executable: '/Users/loibui/.sonar/js/node-runtime/node'.
INFO: Memory configuration: OS (8192 MB), Node.js (2240 MB).
INFO: gRPC analyze-project server listening on 127.0.0.1:49672
INFO: Plugin version: [13.1.0.42921]
INFO: Found 0 tsconfig.json file(s): []
INFO: 15 source files to be analyzed
INFO: Analyzing 12 file(s) using default options [lib: lib.es2024.d.ts, lib.dom.d.ts]
INFO: 15/15 source files have been analyzed
INFO: Hit the cache for 0 out of 13
INFO: Miss the cache for 13 out of 13: ANALYSIS_MODE_INELIGIBLE [13/13]
INFO: Sensor JavaScript/TypeScript/CSS analysis [javascript] (done) | time=19671ms
INFO: Sensor IaC Project Sensor [iac]
INFO: Sensor IaC Project Sensor [iac] (done) | time=18ms
INFO: Sensor Zero Coverage Sensor
INFO: Sensor Zero Coverage Sensor (done) | time=207ms
INFO: ------------- Gather SCA dependencies on project
INFO: Dependency analysis skipped
INFO: SCM Publisher is disabled
INFO: CPD Executor 6 files had no CPD blocks
INFO: CPD Executor Calculating CPD for 9 files
INFO: CPD Executor CPD calculation finished (done) | time=73ms
INFO: Analysis report generated in 679ms, dir size=379.5 kB
INFO: Analysis report compressed in 197ms, zip size=102.0 kB
INFO: Analysis report uploaded in 9150ms
INFO: ANALYSIS SUCCESSFUL, you can find the results at: http://localhost:9000/dashboard?id=devsecops-factory-local
INFO: Note that you will be able to access the updated dashboard once the server has processed the submitted analysis report
INFO: More about the report processing at http://localhost:9000/api/ce/task?id=862580df-1c90-405b-9e6f-afa381ac9666
INFO: Analysis total time: 40.141 s
INFO: ------------------------------------------------------------------------
INFO: EXECUTION SUCCESS
INFO: ------------------------------------------------------------------------
INFO: Total time: 43.891s
INFO: Final Memory: 16M/60M
INFO: ------------------------------------------------------------------------
[*] Exporting SonarQube issues JSON...
[+] SAST scan completed.
